ERROR - 2026-06-17 06:41:53 --> Error connecting to the database: mysqli_sql_exception: Connection refused in /home/faneva/L2/S4/SI/CODEIGNITER/exam/gestion_caisse/system/Database/MySQLi/Connection.php:201
Stack trace:
#0 /home/faneva/L2/S4/SI/CODEIGNITER/exam/gestion_caisse/system/Database/MySQLi/Connection.php(201): mysqli->real_connect('localhost', '', Object(SensitiveParameterValue), '', 3306, '', 0)
#1 /home/faneva/L2/S4/SI/CODEIGNITER/exam/gestion_caisse/system/Database/BaseConnection.php(555): CodeIgniter\Database\MySQLi\Connection->connect(false)
#2 /home/faneva/L2/S4/SI/CODEIGNITER/exam/gestion_caisse/system/Database/BaseConnection.php(795): CodeIgniter\Database\BaseConnection->initialize()
#3 /home/faneva/L2/S4/SI/CODEIGNITER/exam/gestion_caisse/system/Database/BaseConnection.php(1706): CodeIgniter\Database\BaseConnection->query('SHOW TABLES FRO...')
#4 /home/faneva/L2/S4/SI/CODEIGNITER/exam/gestion_caisse/system/Database/BaseConnection.php(1726): CodeIgniter\Database\BaseConnection->listTables()
#5 /home/faneva/L2/S4/SI/CODEIGNITER/exam/gestion_caisse/system/Database/MigrationRunner.php(821): CodeIgniter\Database\BaseConnection->tableExists('migrations')
#6 /home/faneva/L2/S4/SI/CODEIGNITER/exam/gestion_caisse/system/Database/MigrationRunner.php(173): CodeIgniter\Database\MigrationRunner->ensureTable()
#7 /home/faneva/L2/S4/SI/CODEIGNITER/exam/gestion_caisse/system/Commands/Database/Migrate.php(89): CodeIgniter\Database\MigrationRunner->latest(NULL)
#8 /home/faneva/L2/S4/SI/CODEIGNITER/exam/gestion_caisse/system/CLI/SignalTrait.php(245): CodeIgniter\Commands\Database\Migrate::CodeIgniter\Commands\Database\{closure}()
#9 /home/faneva/L2/S4/SI/CODEIGNITER/exam/gestion_caisse/system/Commands/Database/Migrate.php(88): CodeIgniter\Commands\Database\Migrate->withSignalsBlocked(Object(Closure))
#10 /home/faneva/L2/S4/SI/CODEIGNITER/exam/gestion_caisse/system/CLI/Commands.php(74): CodeIgniter\Commands\Database\Migrate->run(Array)
#11 /home/faneva/L2/S4/SI/CODEIGNITER/exam/gestion_caisse/system/CLI/Console.php(47): CodeIgniter\CLI\Commands->run('migrate', Array)
#12 /home/faneva/L2/S4/SI/CODEIGNITER/exam/gestion_caisse/system/Boot.php(442): CodeIgniter\CLI\Console->run()
#13 /home/faneva/L2/S4/SI/CODEIGNITER/exam/gestion_caisse/system/Boot.php(166): CodeIgniter\Boot::runCommand(Object(CodeIgniter\CLI\Console))
#14 /home/faneva/L2/S4/SI/CODEIGNITER/exam/gestion_caisse/spark(87): CodeIgniter\Boot::bootSpark(Object(Config\Paths))
#15 {main}

Next CodeIgniter\Database\Exceptions\DatabaseException: Connection refused in /home/faneva/L2/S4/SI/CODEIGNITER/exam/gestion_caisse/system/Database/MySQLi/Connection.php:231
Stack trace:
#0 /home/faneva/L2/S4/SI/CODEIGNITER/exam/gestion_caisse/system/Database/BaseConnection.php(555): CodeIgniter\Database\MySQLi\Connection->connect(false)
#1 /home/faneva/L2/S4/SI/CODEIGNITER/exam/gestion_caisse/system/Database/BaseConnection.php(795): CodeIgniter\Database\BaseConnection->initialize()
#2 /home/faneva/L2/S4/SI/CODEIGNITER/exam/gestion_caisse/system/Database/BaseConnection.php(1706): CodeIgniter\Database\BaseConnection->query('SHOW TABLES FRO...')
#3 /home/faneva/L2/S4/SI/CODEIGNITER/exam/gestion_caisse/system/Database/BaseConnection.php(1726): CodeIgniter\Database\BaseConnection->listTables()
#4 /home/faneva/L2/S4/SI/CODEIGNITER/exam/gestion_caisse/system/Database/MigrationRunner.php(821): CodeIgniter\Database\BaseConnection->tableExists('migrations')
#5 /home/faneva/L2/S4/SI/CODEIGNITER/exam/gestion_caisse/system/Database/MigrationRunner.php(173): CodeIgniter\Database\MigrationRunner->ensureTable()
#6 /home/faneva/L2/S4/SI/CODEIGNITER/exam/gestion_caisse/system/Commands/Database/Migrate.php(89): CodeIgniter\Database\MigrationRunner->latest(NULL)
#7 /home/faneva/L2/S4/SI/CODEIGNITER/exam/gestion_caisse/system/CLI/SignalTrait.php(245): CodeIgniter\Commands\Database\Migrate::CodeIgniter\Commands\Database\{closure}()
#8 /home/faneva/L2/S4/SI/CODEIGNITER/exam/gestion_caisse/system/Commands/Database/Migrate.php(88): CodeIgniter\Commands\Database\Migrate->withSignalsBlocked(Object(Closure))
#9 /home/faneva/L2/S4/SI/CODEIGNITER/exam/gestion_caisse/system/CLI/Commands.php(74): CodeIgniter\Commands\Database\Migrate->run(Array)
#10 /home/faneva/L2/S4/SI/CODEIGNITER/exam/gestion_caisse/system/CLI/Console.php(47): CodeIgniter\CLI\Commands->run('migrate', Array)
#11 /home/faneva/L2/S4/SI/CODEIGNITER/exam/gestion_caisse/system/Boot.php(442): CodeIgniter\CLI\Console->run()
#12 /home/faneva/L2/S4/SI/CODEIGNITER/exam/gestion_caisse/system/Boot.php(166): CodeIgniter\Boot::runCommand(Object(CodeIgniter\CLI\Console))
#13 /home/faneva/L2/S4/SI/CODEIGNITER/exam/gestion_caisse/spark(87): CodeIgniter\Boot::bootSpark(Object(Config\Paths))
#14 {main}
ERROR - 2026-06-17 06:43:32 --> no such table: user
in SYSTEMPATH/Database/SQLite3/Connection.php on line 163.
 1 SYSTEMPATH/Database/SQLite3/Connection.php(163): SQLite3->exec('INSERT INTO `user` (`mdp`, `nom`)
VALUES (\'$2y$10$2q6GUpQ4yKHXwixoJzwxOurlVxchujd.wMyspeCipMLDLNF217FVO\',\'admin\'), (\'$2y$10$GxU1E5fAKzOzWonLkBaNb.EGfc2lZYWz3qpBd2Hg0oPu25KO9Vwpi\',\'manager\'), (\'$2y$10$vjrLBwb.QWbciICsOFWhxeBSwJPdg6oO468pwawzZgGF7KacCAZR6\',\'vendeur\')')
 2 SYSTEMPATH/Database/BaseConnection.php(910): CodeIgniter\Database\SQLite3\Connection->execute('INSERT INTO `user` (`mdp`, `nom`)
VALUES (\'$2y$10$2q6GUpQ4yKHXwixoJzwxOurlVxchujd.wMyspeCipMLDLNF217FVO\',\'admin\'), (\'$2y$10$GxU1E5fAKzOzWonLkBaNb.EGfc2lZYWz3qpBd2Hg0oPu25KO9Vwpi\',\'manager\'), (\'$2y$10$vjrLBwb.QWbciICsOFWhxeBSwJPdg6oO468pwawzZgGF7KacCAZR6\',\'vendeur\')')
 3 SYSTEMPATH/Database/BaseConnection.php(827): CodeIgniter\Database\BaseConnection->simpleQuery('INSERT INTO `user` (`mdp`, `nom`)
VALUES (\'$2y$10$2q6GUpQ4yKHXwixoJzwxOurlVxchujd.wMyspeCipMLDLNF217FVO\',\'admin\'), (\'$2y$10$GxU1E5fAKzOzWonLkBaNb.EGfc2lZYWz3qpBd2Hg0oPu25KO9Vwpi\',\'manager\'), (\'$2y$10$vjrLBwb.QWbciICsOFWhxeBSwJPdg6oO468pwawzZgGF7KacCAZR6\',\'vendeur\')')
 4 SYSTEMPATH/Database/BaseBuilder.php(1841): CodeIgniter\Database\BaseConnection->query('INSERT INTO `user` (`mdp`, `nom`)
VALUES (\'$2y$10$2q6GUpQ4yKHXwixoJzwxOurlVxchujd.wMyspeCipMLDLNF217FVO\',\'admin\'), (\'$2y$10$GxU1E5fAKzOzWonLkBaNb.EGfc2lZYWz3qpBd2Hg0oPu25KO9Vwpi\',\'manager\'), (\'$2y$10$vjrLBwb.QWbciICsOFWhxeBSwJPdg6oO468pwawzZgGF7KacCAZR6\',\'vendeur\')', null, false)
 5 SYSTEMPATH/Database/BaseBuilder.php(2230): CodeIgniter\Database\BaseBuilder->batchExecute('_insertBatch', 100)
 6 APPPATH/Database/Seeds/AppSeeder.php(31): CodeIgniter\Database\BaseBuilder->insertBatch([...])
 7 SYSTEMPATH/Database/Seeder.php(155): App\Database\Seeds\AppSeeder->run()
 8 APPPATH/Database/Seeds/MainSeeder.php(11): CodeIgniter\Database\Seeder->call('App\\Database\\Seeds\\AppSeeder')
 9 SYSTEMPATH/Database/Seeder.php(155): App\Database\Seeds\MainSeeder->run()
10 SYSTEMPATH/Commands/Database/Seed.php(79): CodeIgniter\Database\Seeder->call('App\\Database\\Seeds\\MainSeeder')
11 SYSTEMPATH/CLI/Commands.php(74): CodeIgniter\Commands\Database\Seed->run([])
12 SYSTEMPATH/CLI/Console.php(47): CodeIgniter\CLI\Commands->run('db:seed', [...])
13 SYSTEMPATH/Boot.php(442): CodeIgniter\CLI\Console->run()
14 SYSTEMPATH/Boot.php(166): CodeIgniter\Boot::runCommand(Object(CodeIgniter\CLI\Console))
15 ROOTPATH/spark(87): CodeIgniter\Boot::bootSpark(Object(Config\Paths))
ERROR - 2026-06-17 06:44:38 --> no such table: user
in SYSTEMPATH/Database/SQLite3/Connection.php on line 163.
 1 SYSTEMPATH/Database/SQLite3/Connection.php(163): SQLite3->exec('INSERT INTO `user` (`mdp`, `nom`)
VALUES (\'$2y$10$C/Cmu.dvEqflSazgWugeeub2f.kjz.S8zYL83cproNEH1RaEUVu5O\',\'admin\'), (\'$2y$10$US1GQG8AA2RtgoqcqjPpb.RhKdjgSqITlp7EniJ6D1OxuSgWdw2ou\',\'manager\'), (\'$2y$10$SOdBgHcWkdfvil6AsYSQHegnz4lRaaOzjWs8TJP1qriogIs8DKBQa\',\'vendeur\')')
 2 SYSTEMPATH/Database/BaseConnection.php(910): CodeIgniter\Database\SQLite3\Connection->execute('INSERT INTO `user` (`mdp`, `nom`)
VALUES (\'$2y$10$C/Cmu.dvEqflSazgWugeeub2f.kjz.S8zYL83cproNEH1RaEUVu5O\',\'admin\'), (\'$2y$10$US1GQG8AA2RtgoqcqjPpb.RhKdjgSqITlp7EniJ6D1OxuSgWdw2ou\',\'manager\'), (\'$2y$10$SOdBgHcWkdfvil6AsYSQHegnz4lRaaOzjWs8TJP1qriogIs8DKBQa\',\'vendeur\')')
 3 SYSTEMPATH/Database/BaseConnection.php(827): CodeIgniter\Database\BaseConnection->simpleQuery('INSERT INTO `user` (`mdp`, `nom`)
VALUES (\'$2y$10$C/Cmu.dvEqflSazgWugeeub2f.kjz.S8zYL83cproNEH1RaEUVu5O\',\'admin\'), (\'$2y$10$US1GQG8AA2RtgoqcqjPpb.RhKdjgSqITlp7EniJ6D1OxuSgWdw2ou\',\'manager\'), (\'$2y$10$SOdBgHcWkdfvil6AsYSQHegnz4lRaaOzjWs8TJP1qriogIs8DKBQa\',\'vendeur\')')
 4 SYSTEMPATH/Database/BaseBuilder.php(1841): CodeIgniter\Database\BaseConnection->query('INSERT INTO `user` (`mdp`, `nom`)
VALUES (\'$2y$10$C/Cmu.dvEqflSazgWugeeub2f.kjz.S8zYL83cproNEH1RaEUVu5O\',\'admin\'), (\'$2y$10$US1GQG8AA2RtgoqcqjPpb.RhKdjgSqITlp7EniJ6D1OxuSgWdw2ou\',\'manager\'), (\'$2y$10$SOdBgHcWkdfvil6AsYSQHegnz4lRaaOzjWs8TJP1qriogIs8DKBQa\',\'vendeur\')', null, false)
 5 SYSTEMPATH/Database/BaseBuilder.php(2230): CodeIgniter\Database\BaseBuilder->batchExecute('_insertBatch', 100)
 6 APPPATH/Database/Seeds/AppSeeder.php(31): CodeIgniter\Database\BaseBuilder->insertBatch([...])
 7 SYSTEMPATH/Database/Seeder.php(155): App\Database\Seeds\AppSeeder->run()
 8 APPPATH/Database/Seeds/MainSeeder.php(11): CodeIgniter\Database\Seeder->call('App\\Database\\Seeds\\AppSeeder')
 9 SYSTEMPATH/Database/Seeder.php(155): App\Database\Seeds\MainSeeder->run()
10 SYSTEMPATH/Commands/Database/Seed.php(79): CodeIgniter\Database\Seeder->call('App\\Database\\Seeds\\MainSeeder')
11 SYSTEMPATH/CLI/Commands.php(74): CodeIgniter\Commands\Database\Seed->run([])
12 SYSTEMPATH/CLI/Console.php(47): CodeIgniter\CLI\Commands->run('db:seed', [...])
13 SYSTEMPATH/Boot.php(442): CodeIgniter\CLI\Console->run()
14 SYSTEMPATH/Boot.php(166): CodeIgniter\Boot::runCommand(Object(CodeIgniter\CLI\Console))
15 ROOTPATH/spark(87): CodeIgniter\Boot::bootSpark(Object(Config\Paths))
ERROR - 2026-06-17 06:46:03 --> Error connecting to the database: Error: Class "SQLite3" not found in /home/faneva/L2/S4/SI/CODEIGNITER/exam/gestion_caisse/system/Database/SQLite3/Connection.php:111
Stack trace:
#0 /home/faneva/L2/S4/SI/CODEIGNITER/exam/gestion_caisse/system/Database/BaseConnection.php(555): CodeIgniter\Database\SQLite3\Connection->connect()
#1 /home/faneva/L2/S4/SI/CODEIGNITER/exam/gestion_caisse/system/Database/SQLite3/Connection.php(74): CodeIgniter\Database\BaseConnection->initialize()
#2 /home/faneva/L2/S4/SI/CODEIGNITER/exam/gestion_caisse/system/Database/BaseConnection.php(795): CodeIgniter\Database\SQLite3\Connection->initialize()
#3 /home/faneva/L2/S4/SI/CODEIGNITER/exam/gestion_caisse/system/Database/BaseConnection.php(1706): CodeIgniter\Database\BaseConnection->query()
#4 /home/faneva/L2/S4/SI/CODEIGNITER/exam/gestion_caisse/system/Database/BaseConnection.php(1726): CodeIgniter\Database\BaseConnection->listTables()
#5 /home/faneva/L2/S4/SI/CODEIGNITER/exam/gestion_caisse/system/Database/MigrationRunner.php(821): CodeIgniter\Database\BaseConnection->tableExists()
#6 /home/faneva/L2/S4/SI/CODEIGNITER/exam/gestion_caisse/system/Database/MigrationRunner.php(173): CodeIgniter\Database\MigrationRunner->ensureTable()
#7 /home/faneva/L2/S4/SI/CODEIGNITER/exam/gestion_caisse/system/Commands/Database/Migrate.php(89): CodeIgniter\Database\MigrationRunner->latest()
#8 /home/faneva/L2/S4/SI/CODEIGNITER/exam/gestion_caisse/system/CLI/SignalTrait.php(245): CodeIgniter\Commands\Database\Migrate::CodeIgniter\Commands\Database\{closure}()
#9 /home/faneva/L2/S4/SI/CODEIGNITER/exam/gestion_caisse/system/Commands/Database/Migrate.php(88): CodeIgniter\Commands\Database\Migrate->withSignalsBlocked()
#10 /home/faneva/L2/S4/SI/CODEIGNITER/exam/gestion_caisse/system/CLI/Commands.php(74): CodeIgniter\Commands\Database\Migrate->run()
#11 /home/faneva/L2/S4/SI/CODEIGNITER/exam/gestion_caisse/system/CLI/Console.php(47): CodeIgniter\CLI\Commands->run()
#12 /home/faneva/L2/S4/SI/CODEIGNITER/exam/gestion_caisse/system/Boot.php(442): CodeIgniter\CLI\Console->run()
#13 /home/faneva/L2/S4/SI/CODEIGNITER/exam/gestion_caisse/system/Boot.php(166): CodeIgniter\Boot::runCommand()
#14 /home/faneva/L2/S4/SI/CODEIGNITER/exam/gestion_caisse/spark(87): CodeIgniter\Boot::bootSpark()
#15 {main}
ERROR - 2026-06-17 06:46:42 --> no such table: user
in SYSTEMPATH/Database/SQLite3/Connection.php on line 163.
 1 SYSTEMPATH/Database/SQLite3/Connection.php(163): SQLite3->exec('INSERT INTO `user` (`mdp`, `nom`)
VALUES (\'$2y$10$UeyaEXfqfW2HcZJNHFsbauyrJkaJ9Qi.oBJD5omcRlqqqv69CLoDm\',\'admin\'), (\'$2y$10$MlY4g8RYo8oM921cd.i09eZcxG0xQtQU.rrSKX1D9l/0rTR9/Uu3i\',\'manager\'), (\'$2y$10$OF/8o4IlmEj6akTT5074KOoXOpGUaLWFfKXLgwFIiMFQmKvZBtrju\',\'vendeur\')')
 2 SYSTEMPATH/Database/BaseConnection.php(910): CodeIgniter\Database\SQLite3\Connection->execute('INSERT INTO `user` (`mdp`, `nom`)
VALUES (\'$2y$10$UeyaEXfqfW2HcZJNHFsbauyrJkaJ9Qi.oBJD5omcRlqqqv69CLoDm\',\'admin\'), (\'$2y$10$MlY4g8RYo8oM921cd.i09eZcxG0xQtQU.rrSKX1D9l/0rTR9/Uu3i\',\'manager\'), (\'$2y$10$OF/8o4IlmEj6akTT5074KOoXOpGUaLWFfKXLgwFIiMFQmKvZBtrju\',\'vendeur\')')
 3 SYSTEMPATH/Database/BaseConnection.php(827): CodeIgniter\Database\BaseConnection->simpleQuery('INSERT INTO `user` (`mdp`, `nom`)
VALUES (\'$2y$10$UeyaEXfqfW2HcZJNHFsbauyrJkaJ9Qi.oBJD5omcRlqqqv69CLoDm\',\'admin\'), (\'$2y$10$MlY4g8RYo8oM921cd.i09eZcxG0xQtQU.rrSKX1D9l/0rTR9/Uu3i\',\'manager\'), (\'$2y$10$OF/8o4IlmEj6akTT5074KOoXOpGUaLWFfKXLgwFIiMFQmKvZBtrju\',\'vendeur\')')
 4 SYSTEMPATH/Database/BaseBuilder.php(1841): CodeIgniter\Database\BaseConnection->query('INSERT INTO `user` (`mdp`, `nom`)
VALUES (\'$2y$10$UeyaEXfqfW2HcZJNHFsbauyrJkaJ9Qi.oBJD5omcRlqqqv69CLoDm\',\'admin\'), (\'$2y$10$MlY4g8RYo8oM921cd.i09eZcxG0xQtQU.rrSKX1D9l/0rTR9/Uu3i\',\'manager\'), (\'$2y$10$OF/8o4IlmEj6akTT5074KOoXOpGUaLWFfKXLgwFIiMFQmKvZBtrju\',\'vendeur\')', null, false)
 5 SYSTEMPATH/Database/BaseBuilder.php(2230): CodeIgniter\Database\BaseBuilder->batchExecute('_insertBatch', 100)
 6 APPPATH/Database/Seeds/AppSeeder.php(31): CodeIgniter\Database\BaseBuilder->insertBatch([...])
 7 SYSTEMPATH/Database/Seeder.php(155): App\Database\Seeds\AppSeeder->run()
 8 APPPATH/Database/Seeds/MainSeeder.php(11): CodeIgniter\Database\Seeder->call('App\\Database\\Seeds\\AppSeeder')
 9 SYSTEMPATH/Database/Seeder.php(155): App\Database\Seeds\MainSeeder->run()
10 SYSTEMPATH/Commands/Database/Seed.php(79): CodeIgniter\Database\Seeder->call('App\\Database\\Seeds\\MainSeeder')
11 SYSTEMPATH/CLI/Commands.php(74): CodeIgniter\Commands\Database\Seed->run([])
12 SYSTEMPATH/CLI/Console.php(47): CodeIgniter\CLI\Commands->run('db:seed', [...])
13 SYSTEMPATH/Boot.php(442): CodeIgniter\CLI\Console->run()
14 SYSTEMPATH/Boot.php(166): CodeIgniter\Boot::runCommand(Object(CodeIgniter\CLI\Console))
15 ROOTPATH/spark(87): CodeIgniter\Boot::bootSpark(Object(Config\Paths))
ERROR - 2026-06-17 06:46:48 --> Error connecting to the database: Error: Class "SQLite3" not found in /home/faneva/L2/S4/SI/CODEIGNITER/exam/gestion_caisse/system/Database/SQLite3/Connection.php:111
Stack trace:
#0 /home/faneva/L2/S4/SI/CODEIGNITER/exam/gestion_caisse/system/Database/BaseConnection.php(555): CodeIgniter\Database\SQLite3\Connection->connect()
#1 /home/faneva/L2/S4/SI/CODEIGNITER/exam/gestion_caisse/system/Database/SQLite3/Connection.php(74): CodeIgniter\Database\BaseConnection->initialize()
#2 /home/faneva/L2/S4/SI/CODEIGNITER/exam/gestion_caisse/system/Database/BaseConnection.php(795): CodeIgniter\Database\SQLite3\Connection->initialize()
#3 /home/faneva/L2/S4/SI/CODEIGNITER/exam/gestion_caisse/system/Database/BaseConnection.php(1706): CodeIgniter\Database\BaseConnection->query()
#4 /home/faneva/L2/S4/SI/CODEIGNITER/exam/gestion_caisse/system/Database/BaseConnection.php(1726): CodeIgniter\Database\BaseConnection->listTables()
#5 /home/faneva/L2/S4/SI/CODEIGNITER/exam/gestion_caisse/system/Database/MigrationRunner.php(821): CodeIgniter\Database\BaseConnection->tableExists()
#6 /home/faneva/L2/S4/SI/CODEIGNITER/exam/gestion_caisse/system/Database/MigrationRunner.php(173): CodeIgniter\Database\MigrationRunner->ensureTable()
#7 /home/faneva/L2/S4/SI/CODEIGNITER/exam/gestion_caisse/system/Commands/Database/Migrate.php(89): CodeIgniter\Database\MigrationRunner->latest()
#8 /home/faneva/L2/S4/SI/CODEIGNITER/exam/gestion_caisse/system/CLI/SignalTrait.php(245): CodeIgniter\Commands\Database\Migrate::CodeIgniter\Commands\Database\{closure}()
#9 /home/faneva/L2/S4/SI/CODEIGNITER/exam/gestion_caisse/system/Commands/Database/Migrate.php(88): CodeIgniter\Commands\Database\Migrate->withSignalsBlocked()
#10 /home/faneva/L2/S4/SI/CODEIGNITER/exam/gestion_caisse/system/CLI/Commands.php(74): CodeIgniter\Commands\Database\Migrate->run()
#11 /home/faneva/L2/S4/SI/CODEIGNITER/exam/gestion_caisse/system/CLI/Console.php(47): CodeIgniter\CLI\Commands->run()
#12 /home/faneva/L2/S4/SI/CODEIGNITER/exam/gestion_caisse/system/Boot.php(442): CodeIgniter\CLI\Console->run()
#13 /home/faneva/L2/S4/SI/CODEIGNITER/exam/gestion_caisse/system/Boot.php(166): CodeIgniter\Boot::runCommand()
#14 /home/faneva/L2/S4/SI/CODEIGNITER/exam/gestion_caisse/spark(87): CodeIgniter\Boot::bootSpark()
#15 {main}
ERROR - 2026-06-17 06:47:17 --> Error connecting to the database: Error: Class "SQLite3" not found in /home/faneva/L2/S4/SI/CODEIGNITER/exam/gestion_caisse/system/Database/SQLite3/Connection.php:111
Stack trace:
#0 /home/faneva/L2/S4/SI/CODEIGNITER/exam/gestion_caisse/system/Database/BaseConnection.php(555): CodeIgniter\Database\SQLite3\Connection->connect()
#1 /home/faneva/L2/S4/SI/CODEIGNITER/exam/gestion_caisse/system/Database/SQLite3/Connection.php(74): CodeIgniter\Database\BaseConnection->initialize()
#2 /home/faneva/L2/S4/SI/CODEIGNITER/exam/gestion_caisse/system/Database/BaseConnection.php(795): CodeIgniter\Database\SQLite3\Connection->initialize()
#3 /home/faneva/L2/S4/SI/CODEIGNITER/exam/gestion_caisse/system/Database/BaseConnection.php(1706): CodeIgniter\Database\BaseConnection->query()
#4 /home/faneva/L2/S4/SI/CODEIGNITER/exam/gestion_caisse/system/Commands/Database/ShowTableInfo.php(121): CodeIgniter\Database\BaseConnection->listTables()
#5 /home/faneva/L2/S4/SI/CODEIGNITER/exam/gestion_caisse/system/CLI/Commands.php(74): CodeIgniter\Commands\Database\ShowTableInfo->run()
#6 /home/faneva/L2/S4/SI/CODEIGNITER/exam/gestion_caisse/system/CLI/Console.php(47): CodeIgniter\CLI\Commands->run()
#7 /home/faneva/L2/S4/SI/CODEIGNITER/exam/gestion_caisse/system/Boot.php(442): CodeIgniter\CLI\Console->run()
#8 /home/faneva/L2/S4/SI/CODEIGNITER/exam/gestion_caisse/system/Boot.php(166): CodeIgniter\Boot::runCommand()
#9 /home/faneva/L2/S4/SI/CODEIGNITER/exam/gestion_caisse/spark(87): CodeIgniter\Boot::bootSpark()
#10 {main}
CRITICAL - 2026-06-17 06:47:17 --> CodeIgniter\Database\Exceptions\DatabaseException: Unable to connect to the database.
Main connection [SQLite3]: Class "SQLite3" not found
[Method: CLI, Route: db:table]
in SYSTEMPATH/Database/BaseConnection.php on line 606.
 1 SYSTEMPATH/Database/SQLite3/Connection.php(74): CodeIgniter\Database\BaseConnection->initialize()
 2 SYSTEMPATH/Database/BaseConnection.php(795): CodeIgniter\Database\SQLite3\Connection->initialize()
 3 SYSTEMPATH/Database/BaseConnection.php(1706): CodeIgniter\Database\BaseConnection->query()
 4 SYSTEMPATH/Commands/Database/ShowTableInfo.php(121): CodeIgniter\Database\BaseConnection->listTables()
 5 SYSTEMPATH/CLI/Commands.php(74): CodeIgniter\Commands\Database\ShowTableInfo->run()
 6 SYSTEMPATH/CLI/Console.php(47): CodeIgniter\CLI\Commands->run()
 7 SYSTEMPATH/Boot.php(442): CodeIgniter\CLI\Console->run()
 8 SYSTEMPATH/Boot.php(166): CodeIgniter\Boot::runCommand()
 9 ROOTPATH/spark(87): CodeIgniter\Boot::bootSpark()
ERROR - 2026-06-17 06:49:23 --> no such table: user
in SYSTEMPATH/Database/SQLite3/Connection.php on line 163.
 1 SYSTEMPATH/Database/SQLite3/Connection.php(163): SQLite3->exec('INSERT INTO `user` (`mdp`, `nom`)
VALUES (\'$2y$10$0QMd6hwMW/RHR9zXUUObk.4ffgAoqdnW.3v067oB4Yo2FNhNaz8.W\',\'admin\'), (\'$2y$10$IjWtuMy0IbnHsTXsaa6cyOLUx09jirMlyE/iR.Oxr7FNPngtAfml6\',\'manager\'), (\'$2y$10$a4dkBHs5aANRR2rX6Saf7exZaHSLFnb19PsRclqHhC0Q4znU33k0q\',\'vendeur\')')
 2 SYSTEMPATH/Database/BaseConnection.php(910): CodeIgniter\Database\SQLite3\Connection->execute('INSERT INTO `user` (`mdp`, `nom`)
VALUES (\'$2y$10$0QMd6hwMW/RHR9zXUUObk.4ffgAoqdnW.3v067oB4Yo2FNhNaz8.W\',\'admin\'), (\'$2y$10$IjWtuMy0IbnHsTXsaa6cyOLUx09jirMlyE/iR.Oxr7FNPngtAfml6\',\'manager\'), (\'$2y$10$a4dkBHs5aANRR2rX6Saf7exZaHSLFnb19PsRclqHhC0Q4znU33k0q\',\'vendeur\')')
 3 SYSTEMPATH/Database/BaseConnection.php(827): CodeIgniter\Database\BaseConnection->simpleQuery('INSERT INTO `user` (`mdp`, `nom`)
VALUES (\'$2y$10$0QMd6hwMW/RHR9zXUUObk.4ffgAoqdnW.3v067oB4Yo2FNhNaz8.W\',\'admin\'), (\'$2y$10$IjWtuMy0IbnHsTXsaa6cyOLUx09jirMlyE/iR.Oxr7FNPngtAfml6\',\'manager\'), (\'$2y$10$a4dkBHs5aANRR2rX6Saf7exZaHSLFnb19PsRclqHhC0Q4znU33k0q\',\'vendeur\')')
 4 SYSTEMPATH/Database/BaseBuilder.php(1841): CodeIgniter\Database\BaseConnection->query('INSERT INTO `user` (`mdp`, `nom`)
VALUES (\'$2y$10$0QMd6hwMW/RHR9zXUUObk.4ffgAoqdnW.3v067oB4Yo2FNhNaz8.W\',\'admin\'), (\'$2y$10$IjWtuMy0IbnHsTXsaa6cyOLUx09jirMlyE/iR.Oxr7FNPngtAfml6\',\'manager\'), (\'$2y$10$a4dkBHs5aANRR2rX6Saf7exZaHSLFnb19PsRclqHhC0Q4znU33k0q\',\'vendeur\')', null, false)
 5 SYSTEMPATH/Database/BaseBuilder.php(2230): CodeIgniter\Database\BaseBuilder->batchExecute('_insertBatch', 100)
 6 APPPATH/Database/Seeds/AppSeeder.php(31): CodeIgniter\Database\BaseBuilder->insertBatch([...])
 7 SYSTEMPATH/Database/Seeder.php(155): App\Database\Seeds\AppSeeder->run()
 8 APPPATH/Database/Seeds/MainSeeder.php(11): CodeIgniter\Database\Seeder->call('App\\Database\\Seeds\\AppSeeder')
 9 SYSTEMPATH/Database/Seeder.php(155): App\Database\Seeds\MainSeeder->run()
10 SYSTEMPATH/Commands/Database/Seed.php(79): CodeIgniter\Database\Seeder->call('App\\Database\\Seeds\\MainSeeder')
11 SYSTEMPATH/CLI/Commands.php(74): CodeIgniter\Commands\Database\Seed->run([])
12 SYSTEMPATH/CLI/Console.php(47): CodeIgniter\CLI\Commands->run('db:seed', [...])
13 SYSTEMPATH/Boot.php(442): CodeIgniter\CLI\Console->run()
14 SYSTEMPATH/Boot.php(166): CodeIgniter\Boot::runCommand(Object(CodeIgniter\CLI\Console))
15 ROOTPATH/spark(87): CodeIgniter\Boot::bootSpark(Object(Config\Paths))
ERROR - 2026-06-17 06:50:16 --> Error connecting to the database: Error: Class "SQLite3" not found in /home/faneva/L2/S4/SI/CODEIGNITER/exam/gestion_caisse/system/Database/SQLite3/Connection.php:111
Stack trace:
#0 /home/faneva/L2/S4/SI/CODEIGNITER/exam/gestion_caisse/system/Database/BaseConnection.php(555): CodeIgniter\Database\SQLite3\Connection->connect()
#1 /home/faneva/L2/S4/SI/CODEIGNITER/exam/gestion_caisse/system/Database/SQLite3/Connection.php(74): CodeIgniter\Database\BaseConnection->initialize()
#2 /home/faneva/L2/S4/SI/CODEIGNITER/exam/gestion_caisse/system/Database/BaseConnection.php(795): CodeIgniter\Database\SQLite3\Connection->initialize()
#3 /home/faneva/L2/S4/SI/CODEIGNITER/exam/gestion_caisse/system/Database/BaseConnection.php(1706): CodeIgniter\Database\BaseConnection->query()
#4 /home/faneva/L2/S4/SI/CODEIGNITER/exam/gestion_caisse/system/Database/BaseConnection.php(1726): CodeIgniter\Database\BaseConnection->listTables()
#5 /home/faneva/L2/S4/SI/CODEIGNITER/exam/gestion_caisse/system/Database/MigrationRunner.php(821): CodeIgniter\Database\BaseConnection->tableExists()
#6 /home/faneva/L2/S4/SI/CODEIGNITER/exam/gestion_caisse/system/Database/MigrationRunner.php(173): CodeIgniter\Database\MigrationRunner->ensureTable()
#7 /home/faneva/L2/S4/SI/CODEIGNITER/exam/gestion_caisse/system/Commands/Database/Migrate.php(89): CodeIgniter\Database\MigrationRunner->latest()
#8 /home/faneva/L2/S4/SI/CODEIGNITER/exam/gestion_caisse/system/CLI/SignalTrait.php(245): CodeIgniter\Commands\Database\Migrate::CodeIgniter\Commands\Database\{closure}()
#9 /home/faneva/L2/S4/SI/CODEIGNITER/exam/gestion_caisse/system/Commands/Database/Migrate.php(88): CodeIgniter\Commands\Database\Migrate->withSignalsBlocked()
#10 /home/faneva/L2/S4/SI/CODEIGNITER/exam/gestion_caisse/system/CLI/Commands.php(74): CodeIgniter\Commands\Database\Migrate->run()
#11 /home/faneva/L2/S4/SI/CODEIGNITER/exam/gestion_caisse/system/CLI/Console.php(47): CodeIgniter\CLI\Commands->run()
#12 /home/faneva/L2/S4/SI/CODEIGNITER/exam/gestion_caisse/system/Boot.php(442): CodeIgniter\CLI\Console->run()
#13 /home/faneva/L2/S4/SI/CODEIGNITER/exam/gestion_caisse/system/Boot.php(166): CodeIgniter\Boot::runCommand()
#14 /home/faneva/L2/S4/SI/CODEIGNITER/exam/gestion_caisse/spark(87): CodeIgniter\Boot::bootSpark()
#15 {main}
ERROR - 2026-06-17 06:51:59 --> no such table: user
in SYSTEMPATH/Database/SQLite3/Connection.php on line 163.
 1 SYSTEMPATH/Database/SQLite3/Connection.php(163): SQLite3->exec('INSERT INTO `user` (`mdp`, `nom`)
VALUES (\'$2y$10$Vs/8T/CP3FOdKwg1Sf9O/OgVjIq411y803M2qsEMkyMMZMIJQW10G\',\'admin\'), (\'$2y$10$ah18uccIPxjtJ0F7qb0tJeDxS/gX2wb2jwlW30JW1pXLmY0u4R7fS\',\'manager\'), (\'$2y$10$3WZ05c5iP4RI9ZPRCm8VWunJnTevgE1sm4TpBTsiIQ1ll5XDW52fm\',\'vendeur\')')
 2 SYSTEMPATH/Database/BaseConnection.php(910): CodeIgniter\Database\SQLite3\Connection->execute('INSERT INTO `user` (`mdp`, `nom`)
VALUES (\'$2y$10$Vs/8T/CP3FOdKwg1Sf9O/OgVjIq411y803M2qsEMkyMMZMIJQW10G\',\'admin\'), (\'$2y$10$ah18uccIPxjtJ0F7qb0tJeDxS/gX2wb2jwlW30JW1pXLmY0u4R7fS\',\'manager\'), (\'$2y$10$3WZ05c5iP4RI9ZPRCm8VWunJnTevgE1sm4TpBTsiIQ1ll5XDW52fm\',\'vendeur\')')
 3 SYSTEMPATH/Database/BaseConnection.php(827): CodeIgniter\Database\BaseConnection->simpleQuery('INSERT INTO `user` (`mdp`, `nom`)
VALUES (\'$2y$10$Vs/8T/CP3FOdKwg1Sf9O/OgVjIq411y803M2qsEMkyMMZMIJQW10G\',\'admin\'), (\'$2y$10$ah18uccIPxjtJ0F7qb0tJeDxS/gX2wb2jwlW30JW1pXLmY0u4R7fS\',\'manager\'), (\'$2y$10$3WZ05c5iP4RI9ZPRCm8VWunJnTevgE1sm4TpBTsiIQ1ll5XDW52fm\',\'vendeur\')')
 4 SYSTEMPATH/Database/BaseBuilder.php(1841): CodeIgniter\Database\BaseConnection->query('INSERT INTO `user` (`mdp`, `nom`)
VALUES (\'$2y$10$Vs/8T/CP3FOdKwg1Sf9O/OgVjIq411y803M2qsEMkyMMZMIJQW10G\',\'admin\'), (\'$2y$10$ah18uccIPxjtJ0F7qb0tJeDxS/gX2wb2jwlW30JW1pXLmY0u4R7fS\',\'manager\'), (\'$2y$10$3WZ05c5iP4RI9ZPRCm8VWunJnTevgE1sm4TpBTsiIQ1ll5XDW52fm\',\'vendeur\')', null, false)
 5 SYSTEMPATH/Database/BaseBuilder.php(2230): CodeIgniter\Database\BaseBuilder->batchExecute('_insertBatch', 100)
 6 APPPATH/Database/Seeds/AppSeeder.php(31): CodeIgniter\Database\BaseBuilder->insertBatch([...])
 7 SYSTEMPATH/Database/Seeder.php(155): App\Database\Seeds\AppSeeder->run()
 8 APPPATH/Database/Seeds/MainSeeder.php(11): CodeIgniter\Database\Seeder->call('App\\Database\\Seeds\\AppSeeder')
 9 SYSTEMPATH/Database/Seeder.php(155): App\Database\Seeds\MainSeeder->run()
10 SYSTEMPATH/Commands/Database/Seed.php(79): CodeIgniter\Database\Seeder->call('App\\Database\\Seeds\\MainSeeder')
11 SYSTEMPATH/CLI/Commands.php(74): CodeIgniter\Commands\Database\Seed->run([])
12 SYSTEMPATH/CLI/Console.php(47): CodeIgniter\CLI\Commands->run('db:seed', [...])
13 SYSTEMPATH/Boot.php(442): CodeIgniter\CLI\Console->run()
14 SYSTEMPATH/Boot.php(166): CodeIgniter\Boot::runCommand(Object(CodeIgniter\CLI\Console))
15 ROOTPATH/spark(87): CodeIgniter\Boot::bootSpark(Object(Config\Paths))
ERROR - 2026-06-17 06:53:15 --> no such table: user
in SYSTEMPATH/Database/SQLite3/Connection.php on line 163.
 1 SYSTEMPATH/Database/SQLite3/Connection.php(163): SQLite3->exec()
 2 SYSTEMPATH/Database/BaseConnection.php(910): CodeIgniter\Database\SQLite3\Connection->execute()
 3 SYSTEMPATH/Database/BaseConnection.php(827): CodeIgniter\Database\BaseConnection->simpleQuery()
 4 SYSTEMPATH/Database/BaseBuilder.php(1841): CodeIgniter\Database\BaseConnection->query()
 5 SYSTEMPATH/Database/BaseBuilder.php(2230): CodeIgniter\Database\BaseBuilder->batchExecute()
 6 APPPATH/Database/Seeds/AppSeeder.php(31): CodeIgniter\Database\BaseBuilder->insertBatch()
 7 SYSTEMPATH/Database/Seeder.php(155): App\Database\Seeds\AppSeeder->run()
 8 APPPATH/Database/Seeds/MainSeeder.php(11): CodeIgniter\Database\Seeder->call()
 9 SYSTEMPATH/Database/Seeder.php(155): App\Database\Seeds\MainSeeder->run()
10 SYSTEMPATH/Commands/Database/Seed.php(79): CodeIgniter\Database\Seeder->call()
11 SYSTEMPATH/CLI/Commands.php(74): CodeIgniter\Commands\Database\Seed->run()
12 SYSTEMPATH/CLI/Console.php(47): CodeIgniter\CLI\Commands->run()
13 SYSTEMPATH/Boot.php(442): CodeIgniter\CLI\Console->run()
14 SYSTEMPATH/Boot.php(166): CodeIgniter\Boot::runCommand()
15 ROOTPATH/spark(87): CodeIgniter\Boot::bootSpark()
ERROR - 2026-06-17 06:57:03 --> no such table: user
in SYSTEMPATH/Database/SQLite3/Connection.php on line 163.
 1 SYSTEMPATH/Database/SQLite3/Connection.php(163): SQLite3->exec('INSERT INTO `user` (`mdp`, `nom`)
VALUES (\'$2y$10$tIuIJp8MCCPQ47XaOpzRHuG.8pCo9QwIrct91o89tGZ2WGqfJcI2m\',\'admin\'), (\'$2y$10$sDIi1MOLp1mmWthAkRuPAOObzj1pR0URD/li789td0rmKJFbqvjRq\',\'manager\'), (\'$2y$10$mNQJPfZ7Ff/iInxk6P0J9.fOWsqY07c.92xPtUUdemW5gD47rkTCm\',\'vendeur\')')
 2 SYSTEMPATH/Database/BaseConnection.php(910): CodeIgniter\Database\SQLite3\Connection->execute('INSERT INTO `user` (`mdp`, `nom`)
VALUES (\'$2y$10$tIuIJp8MCCPQ47XaOpzRHuG.8pCo9QwIrct91o89tGZ2WGqfJcI2m\',\'admin\'), (\'$2y$10$sDIi1MOLp1mmWthAkRuPAOObzj1pR0URD/li789td0rmKJFbqvjRq\',\'manager\'), (\'$2y$10$mNQJPfZ7Ff/iInxk6P0J9.fOWsqY07c.92xPtUUdemW5gD47rkTCm\',\'vendeur\')')
 3 SYSTEMPATH/Database/BaseConnection.php(827): CodeIgniter\Database\BaseConnection->simpleQuery('INSERT INTO `user` (`mdp`, `nom`)
VALUES (\'$2y$10$tIuIJp8MCCPQ47XaOpzRHuG.8pCo9QwIrct91o89tGZ2WGqfJcI2m\',\'admin\'), (\'$2y$10$sDIi1MOLp1mmWthAkRuPAOObzj1pR0URD/li789td0rmKJFbqvjRq\',\'manager\'), (\'$2y$10$mNQJPfZ7Ff/iInxk6P0J9.fOWsqY07c.92xPtUUdemW5gD47rkTCm\',\'vendeur\')')
 4 SYSTEMPATH/Database/BaseBuilder.php(1841): CodeIgniter\Database\BaseConnection->query('INSERT INTO `user` (`mdp`, `nom`)
VALUES (\'$2y$10$tIuIJp8MCCPQ47XaOpzRHuG.8pCo9QwIrct91o89tGZ2WGqfJcI2m\',\'admin\'), (\'$2y$10$sDIi1MOLp1mmWthAkRuPAOObzj1pR0URD/li789td0rmKJFbqvjRq\',\'manager\'), (\'$2y$10$mNQJPfZ7Ff/iInxk6P0J9.fOWsqY07c.92xPtUUdemW5gD47rkTCm\',\'vendeur\')', null, false)
 5 SYSTEMPATH/Database/BaseBuilder.php(2230): CodeIgniter\Database\BaseBuilder->batchExecute('_insertBatch', 100)
 6 APPPATH/Database/Seeds/AppSeeder.php(31): CodeIgniter\Database\BaseBuilder->insertBatch([...])
 7 SYSTEMPATH/Database/Seeder.php(155): App\Database\Seeds\AppSeeder->run()
 8 APPPATH/Database/Seeds/MainSeeder.php(11): CodeIgniter\Database\Seeder->call('App\\Database\\Seeds\\AppSeeder')
 9 SYSTEMPATH/Database/Seeder.php(155): App\Database\Seeds\MainSeeder->run()
10 SYSTEMPATH/Commands/Database/Seed.php(79): CodeIgniter\Database\Seeder->call('App\\Database\\Seeds\\MainSeeder')
11 SYSTEMPATH/CLI/Commands.php(74): CodeIgniter\Commands\Database\Seed->run([])
12 SYSTEMPATH/CLI/Console.php(47): CodeIgniter\CLI\Commands->run('db:seed', [...])
13 SYSTEMPATH/Boot.php(442): CodeIgniter\CLI\Console->run()
14 SYSTEMPATH/Boot.php(166): CodeIgniter\Boot::runCommand(Object(CodeIgniter\CLI\Console))
15 ROOTPATH/spark(87): CodeIgniter\Boot::bootSpark(Object(Config\Paths))
ERROR - 2026-06-17 07:00:24 --> no such table: user
in SYSTEMPATH/Database/SQLite3/Connection.php on line 163.
 1 SYSTEMPATH/Database/SQLite3/Connection.php(163): SQLite3->exec()
 2 SYSTEMPATH/Database/BaseConnection.php(910): CodeIgniter\Database\SQLite3\Connection->execute()
 3 SYSTEMPATH/Database/BaseConnection.php(827): CodeIgniter\Database\BaseConnection->simpleQuery()
 4 SYSTEMPATH/Database/BaseBuilder.php(1841): CodeIgniter\Database\BaseConnection->query()
 5 SYSTEMPATH/Database/BaseBuilder.php(2230): CodeIgniter\Database\BaseBuilder->batchExecute()
 6 APPPATH/Database/Seeds/AppSeeder.php(31): CodeIgniter\Database\BaseBuilder->insertBatch()
 7 SYSTEMPATH/Database/Seeder.php(155): App\Database\Seeds\AppSeeder->run()
 8 APPPATH/Database/Seeds/MainSeeder.php(11): CodeIgniter\Database\Seeder->call()
 9 SYSTEMPATH/Database/Seeder.php(155): App\Database\Seeds\MainSeeder->run()
10 SYSTEMPATH/Commands/Database/Seed.php(79): CodeIgniter\Database\Seeder->call()
11 SYSTEMPATH/CLI/Commands.php(74): CodeIgniter\Commands\Database\Seed->run()
12 SYSTEMPATH/CLI/Console.php(47): CodeIgniter\CLI\Commands->run()
13 SYSTEMPATH/Boot.php(442): CodeIgniter\CLI\Console->run()
14 SYSTEMPATH/Boot.php(166): CodeIgniter\Boot::runCommand()
15 ROOTPATH/spark(87): CodeIgniter\Boot::bootSpark()
ERROR - 2026-06-17 07:00:57 --> no such table: user
in SYSTEMPATH/Database/SQLite3/Connection.php on line 163.
 1 SYSTEMPATH/Database/SQLite3/Connection.php(163): SQLite3->exec()
 2 SYSTEMPATH/Database/BaseConnection.php(910): CodeIgniter\Database\SQLite3\Connection->execute()
 3 SYSTEMPATH/Database/BaseConnection.php(827): CodeIgniter\Database\BaseConnection->simpleQuery()
 4 SYSTEMPATH/Database/BaseBuilder.php(1841): CodeIgniter\Database\BaseConnection->query()
 5 SYSTEMPATH/Database/BaseBuilder.php(2230): CodeIgniter\Database\BaseBuilder->batchExecute()
 6 APPPATH/Database/Seeds/AppSeeder.php(31): CodeIgniter\Database\BaseBuilder->insertBatch()
 7 SYSTEMPATH/Database/Seeder.php(155): App\Database\Seeds\AppSeeder->run()
 8 APPPATH/Database/Seeds/MainSeeder.php(11): CodeIgniter\Database\Seeder->call()
 9 SYSTEMPATH/Database/Seeder.php(155): App\Database\Seeds\MainSeeder->run()
10 SYSTEMPATH/Commands/Database/Seed.php(79): CodeIgniter\Database\Seeder->call()
11 SYSTEMPATH/CLI/Commands.php(74): CodeIgniter\Commands\Database\Seed->run()
12 SYSTEMPATH/CLI/Console.php(47): CodeIgniter\CLI\Commands->run()
13 SYSTEMPATH/Boot.php(442): CodeIgniter\CLI\Console->run()
14 SYSTEMPATH/Boot.php(166): CodeIgniter\Boot::runCommand()
15 ROOTPATH/spark(87): CodeIgniter\Boot::bootSpark()
ERROR - 2026-06-17 07:06:32 --> near ")": syntax error
in SYSTEMPATH/Database/SQLite3/Connection.php on line 163.
 1 SYSTEMPATH/Database/SQLite3/Connection.php(163): SQLite3->exec()
 2 SYSTEMPATH/Database/BaseConnection.php(910): CodeIgniter\Database\SQLite3\Connection->execute()
 3 SYSTEMPATH/Database/BaseConnection.php(827): CodeIgniter\Database\BaseConnection->simpleQuery()
 4 SYSTEMPATH/Database/BaseBuilder.php(1841): CodeIgniter\Database\BaseConnection->query()
 5 SYSTEMPATH/Database/BaseBuilder.php(2230): CodeIgniter\Database\BaseBuilder->batchExecute()
 6 APPPATH/Database/Seeds/AppSeeder.php(100): CodeIgniter\Database\BaseBuilder->insertBatch()
 7 SYSTEMPATH/Database/Seeder.php(155): App\Database\Seeds\AppSeeder->run()
 8 APPPATH/Database/Seeds/MainSeeder.php(11): CodeIgniter\Database\Seeder->call()
 9 SYSTEMPATH/Database/Seeder.php(155): App\Database\Seeds\MainSeeder->run()
10 SYSTEMPATH/Commands/Database/Seed.php(79): CodeIgniter\Database\Seeder->call()
11 SYSTEMPATH/CLI/Commands.php(74): CodeIgniter\Commands\Database\Seed->run()
12 SYSTEMPATH/CLI/Console.php(47): CodeIgniter\CLI\Commands->run()
13 SYSTEMPATH/Boot.php(442): CodeIgniter\CLI\Console->run()
14 SYSTEMPATH/Boot.php(166): CodeIgniter\Boot::runCommand()
15 ROOTPATH/spark(87): CodeIgniter\Boot::bootSpark()
ERROR - 2026-06-17 07:08:22 --> table achat_produit has no column named date_achat
in SYSTEMPATH/Database/SQLite3/Connection.php on line 163.
 1 SYSTEMPATH/Database/SQLite3/Connection.php(163): SQLite3->exec()
 2 SYSTEMPATH/Database/BaseConnection.php(910): CodeIgniter\Database\SQLite3\Connection->execute()
 3 SYSTEMPATH/Database/BaseConnection.php(827): CodeIgniter\Database\BaseConnection->simpleQuery()
 4 SYSTEMPATH/Database/BaseBuilder.php(1841): CodeIgniter\Database\BaseConnection->query()
 5 SYSTEMPATH/Database/BaseBuilder.php(2230): CodeIgniter\Database\BaseBuilder->batchExecute()
 6 APPPATH/Database/Seeds/AppSeeder.php(160): CodeIgniter\Database\BaseBuilder->insertBatch()
 7 SYSTEMPATH/Database/Seeder.php(155): App\Database\Seeds\AppSeeder->run()
 8 APPPATH/Database/Seeds/MainSeeder.php(11): CodeIgniter\Database\Seeder->call()
 9 SYSTEMPATH/Database/Seeder.php(155): App\Database\Seeds\MainSeeder->run()
10 SYSTEMPATH/Commands/Database/Seed.php(79): CodeIgniter\Database\Seeder->call()
11 SYSTEMPATH/CLI/Commands.php(74): CodeIgniter\Commands\Database\Seed->run()
12 SYSTEMPATH/CLI/Console.php(47): CodeIgniter\CLI\Commands->run()
13 SYSTEMPATH/Boot.php(442): CodeIgniter\CLI\Console->run()
14 SYSTEMPATH/Boot.php(166): CodeIgniter\Boot::runCommand()
15 ROOTPATH/spark(87): CodeIgniter\Boot::bootSpark()
ERROR - 2026-06-17 07:09:20 --> UNIQUE constraint failed: caisse.id
in SYSTEMPATH/Database/SQLite3/Connection.php on line 163.
 1 SYSTEMPATH/Database/SQLite3/Connection.php(163): SQLite3->exec()
 2 SYSTEMPATH/Database/BaseConnection.php(910): CodeIgniter\Database\SQLite3\Connection->execute()
 3 SYSTEMPATH/Database/BaseConnection.php(827): CodeIgniter\Database\BaseConnection->simpleQuery()
 4 SYSTEMPATH/Database/BaseBuilder.php(1841): CodeIgniter\Database\BaseConnection->query()
 5 SYSTEMPATH/Database/BaseBuilder.php(2230): CodeIgniter\Database\BaseBuilder->batchExecute()
 6 APPPATH/Database/Seeds/AppSeeder.php(101): CodeIgniter\Database\BaseBuilder->insertBatch()
 7 SYSTEMPATH/Database/Seeder.php(155): App\Database\Seeds\AppSeeder->run()
 8 APPPATH/Database/Seeds/MainSeeder.php(11): CodeIgniter\Database\Seeder->call()
 9 SYSTEMPATH/Database/Seeder.php(155): App\Database\Seeds\MainSeeder->run()
10 SYSTEMPATH/Commands/Database/Seed.php(79): CodeIgniter\Database\Seeder->call()
11 SYSTEMPATH/CLI/Commands.php(74): CodeIgniter\Commands\Database\Seed->run()
12 SYSTEMPATH/CLI/Console.php(47): CodeIgniter\CLI\Commands->run()
13 SYSTEMPATH/Boot.php(442): CodeIgniter\CLI\Console->run()
14 SYSTEMPATH/Boot.php(166): CodeIgniter\Boot::runCommand()
15 ROOTPATH/spark(87): CodeIgniter\Boot::bootSpark()
ERROR - 2026-06-17 07:11:51 --> near ")": syntax error
in SYSTEMPATH/Database/SQLite3/Connection.php on line 163.
 1 SYSTEMPATH/Database/SQLite3/Connection.php(163): SQLite3->exec()
 2 SYSTEMPATH/Database/BaseConnection.php(910): CodeIgniter\Database\SQLite3\Connection->execute()
 3 SYSTEMPATH/Database/BaseConnection.php(827): CodeIgniter\Database\BaseConnection->simpleQuery()
 4 SYSTEMPATH/Database/BaseBuilder.php(1841): CodeIgniter\Database\BaseConnection->query()
 5 SYSTEMPATH/Database/BaseBuilder.php(2230): CodeIgniter\Database\BaseBuilder->batchExecute()
 6 APPPATH/Database/Seeds/AppSeeder.php(101): CodeIgniter\Database\BaseBuilder->insertBatch()
 7 SYSTEMPATH/Database/Seeder.php(155): App\Database\Seeds\AppSeeder->run()
 8 APPPATH/Database/Seeds/MainSeeder.php(11): CodeIgniter\Database\Seeder->call()
 9 SYSTEMPATH/Database/Seeder.php(155): App\Database\Seeds\MainSeeder->run()
10 SYSTEMPATH/Commands/Database/Seed.php(79): CodeIgniter\Database\Seeder->call()
11 SYSTEMPATH/CLI/Commands.php(74): CodeIgniter\Commands\Database\Seed->run()
12 SYSTEMPATH/CLI/Console.php(47): CodeIgniter\CLI\Commands->run()
13 SYSTEMPATH/Boot.php(442): CodeIgniter\CLI\Console->run()
14 SYSTEMPATH/Boot.php(166): CodeIgniter\Boot::runCommand()
15 ROOTPATH/spark(87): CodeIgniter\Boot::bootSpark()
ERROR - 2026-06-17 07:12:15 --> near ")": syntax error
in SYSTEMPATH/Database/SQLite3/Connection.php on line 163.
 1 SYSTEMPATH/Database/SQLite3/Connection.php(163): SQLite3->exec()
 2 SYSTEMPATH/Database/BaseConnection.php(910): CodeIgniter\Database\SQLite3\Connection->execute()
 3 SYSTEMPATH/Database/BaseConnection.php(827): CodeIgniter\Database\BaseConnection->simpleQuery()
 4 SYSTEMPATH/Database/BaseBuilder.php(1841): CodeIgniter\Database\BaseConnection->query()
 5 SYSTEMPATH/Database/BaseBuilder.php(2230): CodeIgniter\Database\BaseBuilder->batchExecute()
 6 APPPATH/Database/Seeds/AppSeeder.php(101): CodeIgniter\Database\BaseBuilder->insertBatch()
 7 SYSTEMPATH/Database/Seeder.php(155): App\Database\Seeds\AppSeeder->run()
 8 APPPATH/Database/Seeds/MainSeeder.php(11): CodeIgniter\Database\Seeder->call()
 9 SYSTEMPATH/Database/Seeder.php(155): App\Database\Seeds\MainSeeder->run()
10 SYSTEMPATH/Commands/Database/Seed.php(79): CodeIgniter\Database\Seeder->call()
11 SYSTEMPATH/CLI/Commands.php(74): CodeIgniter\Commands\Database\Seed->run()
12 SYSTEMPATH/CLI/Console.php(47): CodeIgniter\CLI\Commands->run()
13 SYSTEMPATH/Boot.php(442): CodeIgniter\CLI\Console->run()
14 SYSTEMPATH/Boot.php(166): CodeIgniter\Boot::runCommand()
15 ROOTPATH/spark(87): CodeIgniter\Boot::bootSpark()
CRITICAL - 2026-06-17 07:41:35 --> ErrorException: Undefined property: App\Controllers\UserController::$resquest
[Method: POST, Route: login]
in APPPATH/Controllers/UserController.php on line 12.
 1 APPPATH/Controllers/UserController.php(12): CodeIgniter\Debug\Exceptions->errorHandler()
 2 SYSTEMPATH/CodeIgniter.php(951): App\Controllers\UserController->login()
 3 SYSTEMPATH/CodeIgniter.php(497): CodeIgniter\CodeIgniter->runController()
 4 SYSTEMPATH/CodeIgniter.php(340): CodeIgniter\CodeIgniter->handleRequest()
 5 SYSTEMPATH/Boot.php(417): CodeIgniter\CodeIgniter->run()
 6 SYSTEMPATH/Boot.php(68): CodeIgniter\Boot::runCodeIgniter()
 7 FCPATH/index.php(59): CodeIgniter\Boot::bootWeb()
 8 SYSTEMPATH/rewrite.php(44): require_once('/home/jeannie/Documents/L2/S4/SI/PROJETS/gestion_caisse/public/index.php')
CRITICAL - 2026-06-17 07:48:49 --> ErrorException: Undefined property: App\Controllers\UserController::$resquest
[Method: POST, Route: login]
in APPPATH/Controllers/UserController.php on line 12.
 1 APPPATH/Controllers/UserController.php(12): CodeIgniter\Debug\Exceptions->errorHandler()
 2 SYSTEMPATH/CodeIgniter.php(951): App\Controllers\UserController->login()
 3 SYSTEMPATH/CodeIgniter.php(497): CodeIgniter\CodeIgniter->runController()
 4 SYSTEMPATH/CodeIgniter.php(340): CodeIgniter\CodeIgniter->handleRequest()
 5 SYSTEMPATH/Boot.php(417): CodeIgniter\CodeIgniter->run()
 6 SYSTEMPATH/Boot.php(68): CodeIgniter\Boot::runCodeIgniter()
 7 FCPATH/index.php(59): CodeIgniter\Boot::bootWeb()
 8 SYSTEMPATH/rewrite.php(44): require_once('/home/jeannie/Documents/L2/S4/SI/PROJETS/gestion_caisse/public/index.php')
ERROR - 2026-06-17 08:39:59 --> NOT NULL constraint failed: achat.id_client
in SYSTEMPATH/Database/SQLite3/Connection.php on line 163.
 1 SYSTEMPATH/Database/SQLite3/Connection.php(163): SQLite3->exec('INSERT INTO `achat` (`id_client`) VALUES (NULL)')
 2 SYSTEMPATH/Database/BaseConnection.php(910): CodeIgniter\Database\SQLite3\Connection->execute('INSERT INTO `achat` (`id_client`) VALUES (NULL)')
 3 SYSTEMPATH/Database/BaseConnection.php(827): CodeIgniter\Database\BaseConnection->simpleQuery('INSERT INTO `achat` (`id_client`) VALUES (NULL)')
 4 SYSTEMPATH/Database/BaseBuilder.php(2345): CodeIgniter\Database\BaseConnection->query('INSERT INTO `achat` (`id_client`) VALUES (:id_client:)', [...], false)
 5 SYSTEMPATH/Model.php(355): CodeIgniter\Database\BaseBuilder->insert()
 6 SYSTEMPATH/BaseModel.php(899): CodeIgniter\Model->doInsert([...])
 7 SYSTEMPATH/Model.php(668): CodeIgniter\BaseModel->insert([...], true)
 8 APPPATH/Models/AchatModel.php(23): CodeIgniter\Model->insert([...])
 9 APPPATH/Controllers/Achat.php(41): App\Models\AchatModel->creerNouvelAchat()
10 SYSTEMPATH/CodeIgniter.php(951): App\Controllers\Achat->index()
11 SYSTEMPATH/CodeIgniter.php(497): CodeIgniter\CodeIgniter->runController(Object(App\Controllers\Achat))
12 SYSTEMPATH/CodeIgniter.php(340): CodeIgniter\CodeIgniter->handleRequest(null, Object(Config\Cache), false)
13 SYSTEMPATH/Boot.php(417): CodeIgniter\CodeIgniter->run()
14 SYSTEMPATH/Boot.php(68): CodeIgniter\Boot::runCodeIgniter(Object(CodeIgniter\CodeIgniter))
15 FCPATH/index.php(59): CodeIgniter\Boot::bootWeb(Object(Config\Paths))
16 SYSTEMPATH/rewrite.php(44): require_once('/home/faneva/L2/S4/SI/CODEIGNITER/exam/gestion_caisse/public/index.php')
CRITICAL - 2026-06-17 08:39:59 --> CodeIgniter\Database\Exceptions\DatabaseException: NOT NULL constraint failed: achat.id_client
[Method: GET, Route: achat]
in SYSTEMPATH/Database/BaseConnection.php on line 865.
 1 SYSTEMPATH/Database/BaseBuilder.php(2345): CodeIgniter\Database\BaseConnection->query('INSERT INTO `achat` (`id_client`) VALUES (:id_client:)', [...], false)
 2 SYSTEMPATH/Model.php(355): CodeIgniter\Database\BaseBuilder->insert()
 3 SYSTEMPATH/BaseModel.php(899): CodeIgniter\Model->doInsert([...])
 4 SYSTEMPATH/Model.php(668): CodeIgniter\BaseModel->insert([...], true)
 5 APPPATH/Models/AchatModel.php(23): CodeIgniter\Model->insert([...])
 6 APPPATH/Controllers/Achat.php(41): App\Models\AchatModel->creerNouvelAchat()
 7 SYSTEMPATH/CodeIgniter.php(951): App\Controllers\Achat->index()
 8 SYSTEMPATH/CodeIgniter.php(497): CodeIgniter\CodeIgniter->runController(Object(App\Controllers\Achat))
 9 SYSTEMPATH/CodeIgniter.php(340): CodeIgniter\CodeIgniter->handleRequest(null, Object(Config\Cache), false)
10 SYSTEMPATH/Boot.php(417): CodeIgniter\CodeIgniter->run()
11 SYSTEMPATH/Boot.php(68): CodeIgniter\Boot::runCodeIgniter(Object(CodeIgniter\CodeIgniter))
12 FCPATH/index.php(59): CodeIgniter\Boot::bootWeb(Object(Config\Paths))
13 SYSTEMPATH/rewrite.php(44): require_once('/home/faneva/L2/S4/SI/CODEIGNITER/exam/gestion_caisse/public/index.php')
CRITICAL - 2026-06-17 08:39:59 --> [Caused by] CodeIgniter\Database\Exceptions\DatabaseException: NOT NULL constraint failed: achat.id_client
in SYSTEMPATH/Database/SQLite3/Connection.php on line 174.
 1 SYSTEMPATH/Database/BaseConnection.php(910): CodeIgniter\Database\SQLite3\Connection->execute('INSERT INTO `achat` (`id_client`) VALUES (NULL)')
 2 SYSTEMPATH/Database/BaseConnection.php(827): CodeIgniter\Database\BaseConnection->simpleQuery('INSERT INTO `achat` (`id_client`) VALUES (NULL)')
 3 SYSTEMPATH/Database/BaseBuilder.php(2345): CodeIgniter\Database\BaseConnection->query('INSERT INTO `achat` (`id_client`) VALUES (:id_client:)', [...], false)
 4 SYSTEMPATH/Model.php(355): CodeIgniter\Database\BaseBuilder->insert()
 5 SYSTEMPATH/BaseModel.php(899): CodeIgniter\Model->doInsert([...])
 6 SYSTEMPATH/Model.php(668): CodeIgniter\BaseModel->insert([...], true)
 7 APPPATH/Models/AchatModel.php(23): CodeIgniter\Model->insert([...])
 8 APPPATH/Controllers/Achat.php(41): App\Models\AchatModel->creerNouvelAchat()
 9 SYSTEMPATH/CodeIgniter.php(951): App\Controllers\Achat->index()
10 SYSTEMPATH/CodeIgniter.php(497): CodeIgniter\CodeIgniter->runController(Object(App\Controllers\Achat))
11 SYSTEMPATH/CodeIgniter.php(340): CodeIgniter\CodeIgniter->handleRequest(null, Object(Config\Cache), false)
12 SYSTEMPATH/Boot.php(417): CodeIgniter\CodeIgniter->run()
13 SYSTEMPATH/Boot.php(68): CodeIgniter\Boot::runCodeIgniter(Object(CodeIgniter\CodeIgniter))
14 FCPATH/index.php(59): CodeIgniter\Boot::bootWeb(Object(Config\Paths))
15 SYSTEMPATH/rewrite.php(44): require_once('/home/faneva/L2/S4/SI/CODEIGNITER/exam/gestion_caisse/public/index.php')
CRITICAL - 2026-06-17 08:39:59 --> [Caused by] Exception: NOT NULL constraint failed: achat.id_client
in SYSTEMPATH/Database/SQLite3/Connection.php on line 163.
 1 SYSTEMPATH/Database/SQLite3/Connection.php(163): SQLite3->exec('INSERT INTO `achat` (`id_client`) VALUES (NULL)')
 2 SYSTEMPATH/Database/BaseConnection.php(910): CodeIgniter\Database\SQLite3\Connection->execute('INSERT INTO `achat` (`id_client`) VALUES (NULL)')
 3 SYSTEMPATH/Database/BaseConnection.php(827): CodeIgniter\Database\BaseConnection->simpleQuery('INSERT INTO `achat` (`id_client`) VALUES (NULL)')
 4 SYSTEMPATH/Database/BaseBuilder.php(2345): CodeIgniter\Database\BaseConnection->query('INSERT INTO `achat` (`id_client`) VALUES (:id_client:)', [...], false)
 5 SYSTEMPATH/Model.php(355): CodeIgniter\Database\BaseBuilder->insert()
 6 SYSTEMPATH/BaseModel.php(899): CodeIgniter\Model->doInsert([...])
 7 SYSTEMPATH/Model.php(668): CodeIgniter\BaseModel->insert([...], true)
 8 APPPATH/Models/AchatModel.php(23): CodeIgniter\Model->insert([...])
 9 APPPATH/Controllers/Achat.php(41): App\Models\AchatModel->creerNouvelAchat()
10 SYSTEMPATH/CodeIgniter.php(951): App\Controllers\Achat->index()
11 SYSTEMPATH/CodeIgniter.php(497): CodeIgniter\CodeIgniter->runController(Object(App\Controllers\Achat))
12 SYSTEMPATH/CodeIgniter.php(340): CodeIgniter\CodeIgniter->handleRequest(null, Object(Config\Cache), false)
13 SYSTEMPATH/Boot.php(417): CodeIgniter\CodeIgniter->run()
14 SYSTEMPATH/Boot.php(68): CodeIgniter\Boot::runCodeIgniter(Object(CodeIgniter\CodeIgniter))
15 FCPATH/index.php(59): CodeIgniter\Boot::bootWeb(Object(Config\Paths))
16 SYSTEMPATH/rewrite.php(44): require_once('/home/faneva/L2/S4/SI/CODEIGNITER/exam/gestion_caisse/public/index.php')
ERROR - 2026-06-17 08:42:00 --> NOT NULL constraint failed: achat.id_client
in SYSTEMPATH/Database/SQLite3/Connection.php on line 163.
 1 SYSTEMPATH/Database/SQLite3/Connection.php(163): SQLite3->exec('INSERT INTO `achat` (`id_client`) VALUES (NULL)')
 2 SYSTEMPATH/Database/BaseConnection.php(910): CodeIgniter\Database\SQLite3\Connection->execute('INSERT INTO `achat` (`id_client`) VALUES (NULL)')
 3 SYSTEMPATH/Database/BaseConnection.php(827): CodeIgniter\Database\BaseConnection->simpleQuery('INSERT INTO `achat` (`id_client`) VALUES (NULL)')
 4 SYSTEMPATH/Database/BaseBuilder.php(2345): CodeIgniter\Database\BaseConnection->query('INSERT INTO `achat` (`id_client`) VALUES (:id_client:)', [...], false)
 5 SYSTEMPATH/Model.php(355): CodeIgniter\Database\BaseBuilder->insert()
 6 SYSTEMPATH/BaseModel.php(899): CodeIgniter\Model->doInsert([...])
 7 SYSTEMPATH/Model.php(668): CodeIgniter\BaseModel->insert([...], true)
 8 APPPATH/Models/AchatModel.php(23): CodeIgniter\Model->insert([...])
 9 APPPATH/Controllers/Achat.php(41): App\Models\AchatModel->creerNouvelAchat()
10 SYSTEMPATH/CodeIgniter.php(951): App\Controllers\Achat->index()
11 SYSTEMPATH/CodeIgniter.php(497): CodeIgniter\CodeIgniter->runController(Object(App\Controllers\Achat))
12 SYSTEMPATH/CodeIgniter.php(340): CodeIgniter\CodeIgniter->handleRequest(null, Object(Config\Cache), false)
13 SYSTEMPATH/Boot.php(417): CodeIgniter\CodeIgniter->run()
14 SYSTEMPATH/Boot.php(68): CodeIgniter\Boot::runCodeIgniter(Object(CodeIgniter\CodeIgniter))
15 FCPATH/index.php(59): CodeIgniter\Boot::bootWeb(Object(Config\Paths))
16 SYSTEMPATH/rewrite.php(44): require_once('/home/faneva/L2/S4/SI/CODEIGNITER/exam/gestion_caisse/public/index.php')
CRITICAL - 2026-06-17 08:42:00 --> CodeIgniter\Database\Exceptions\DatabaseException: NOT NULL constraint failed: achat.id_client
[Method: GET, Route: achat]
in SYSTEMPATH/Database/BaseConnection.php on line 865.
 1 SYSTEMPATH/Database/BaseBuilder.php(2345): CodeIgniter\Database\BaseConnection->query('INSERT INTO `achat` (`id_client`) VALUES (:id_client:)', [...], false)
 2 SYSTEMPATH/Model.php(355): CodeIgniter\Database\BaseBuilder->insert()
 3 SYSTEMPATH/BaseModel.php(899): CodeIgniter\Model->doInsert([...])
 4 SYSTEMPATH/Model.php(668): CodeIgniter\BaseModel->insert([...], true)
 5 APPPATH/Models/AchatModel.php(23): CodeIgniter\Model->insert([...])
 6 APPPATH/Controllers/Achat.php(41): App\Models\AchatModel->creerNouvelAchat()
 7 SYSTEMPATH/CodeIgniter.php(951): App\Controllers\Achat->index()
 8 SYSTEMPATH/CodeIgniter.php(497): CodeIgniter\CodeIgniter->runController(Object(App\Controllers\Achat))
 9 SYSTEMPATH/CodeIgniter.php(340): CodeIgniter\CodeIgniter->handleRequest(null, Object(Config\Cache), false)
10 SYSTEMPATH/Boot.php(417): CodeIgniter\CodeIgniter->run()
11 SYSTEMPATH/Boot.php(68): CodeIgniter\Boot::runCodeIgniter(Object(CodeIgniter\CodeIgniter))
12 FCPATH/index.php(59): CodeIgniter\Boot::bootWeb(Object(Config\Paths))
13 SYSTEMPATH/rewrite.php(44): require_once('/home/faneva/L2/S4/SI/CODEIGNITER/exam/gestion_caisse/public/index.php')
CRITICAL - 2026-06-17 08:42:00 --> [Caused by] CodeIgniter\Database\Exceptions\DatabaseException: NOT NULL constraint failed: achat.id_client
in SYSTEMPATH/Database/SQLite3/Connection.php on line 174.
 1 SYSTEMPATH/Database/BaseConnection.php(910): CodeIgniter\Database\SQLite3\Connection->execute('INSERT INTO `achat` (`id_client`) VALUES (NULL)')
 2 SYSTEMPATH/Database/BaseConnection.php(827): CodeIgniter\Database\BaseConnection->simpleQuery('INSERT INTO `achat` (`id_client`) VALUES (NULL)')
 3 SYSTEMPATH/Database/BaseBuilder.php(2345): CodeIgniter\Database\BaseConnection->query('INSERT INTO `achat` (`id_client`) VALUES (:id_client:)', [...], false)
 4 SYSTEMPATH/Model.php(355): CodeIgniter\Database\BaseBuilder->insert()
 5 SYSTEMPATH/BaseModel.php(899): CodeIgniter\Model->doInsert([...])
 6 SYSTEMPATH/Model.php(668): CodeIgniter\BaseModel->insert([...], true)
 7 APPPATH/Models/AchatModel.php(23): CodeIgniter\Model->insert([...])
 8 APPPATH/Controllers/Achat.php(41): App\Models\AchatModel->creerNouvelAchat()
 9 SYSTEMPATH/CodeIgniter.php(951): App\Controllers\Achat->index()
10 SYSTEMPATH/CodeIgniter.php(497): CodeIgniter\CodeIgniter->runController(Object(App\Controllers\Achat))
11 SYSTEMPATH/CodeIgniter.php(340): CodeIgniter\CodeIgniter->handleRequest(null, Object(Config\Cache), false)
12 SYSTEMPATH/Boot.php(417): CodeIgniter\CodeIgniter->run()
13 SYSTEMPATH/Boot.php(68): CodeIgniter\Boot::runCodeIgniter(Object(CodeIgniter\CodeIgniter))
14 FCPATH/index.php(59): CodeIgniter\Boot::bootWeb(Object(Config\Paths))
15 SYSTEMPATH/rewrite.php(44): require_once('/home/faneva/L2/S4/SI/CODEIGNITER/exam/gestion_caisse/public/index.php')
CRITICAL - 2026-06-17 08:42:00 --> [Caused by] Exception: NOT NULL constraint failed: achat.id_client
in SYSTEMPATH/Database/SQLite3/Connection.php on line 163.
 1 SYSTEMPATH/Database/SQLite3/Connection.php(163): SQLite3->exec('INSERT INTO `achat` (`id_client`) VALUES (NULL)')
 2 SYSTEMPATH/Database/BaseConnection.php(910): CodeIgniter\Database\SQLite3\Connection->execute('INSERT INTO `achat` (`id_client`) VALUES (NULL)')
 3 SYSTEMPATH/Database/BaseConnection.php(827): CodeIgniter\Database\BaseConnection->simpleQuery('INSERT INTO `achat` (`id_client`) VALUES (NULL)')
 4 SYSTEMPATH/Database/BaseBuilder.php(2345): CodeIgniter\Database\BaseConnection->query('INSERT INTO `achat` (`id_client`) VALUES (:id_client:)', [...], false)
 5 SYSTEMPATH/Model.php(355): CodeIgniter\Database\BaseBuilder->insert()
 6 SYSTEMPATH/BaseModel.php(899): CodeIgniter\Model->doInsert([...])
 7 SYSTEMPATH/Model.php(668): CodeIgniter\BaseModel->insert([...], true)
 8 APPPATH/Models/AchatModel.php(23): CodeIgniter\Model->insert([...])
 9 APPPATH/Controllers/Achat.php(41): App\Models\AchatModel->creerNouvelAchat()
10 SYSTEMPATH/CodeIgniter.php(951): App\Controllers\Achat->index()
11 SYSTEMPATH/CodeIgniter.php(497): CodeIgniter\CodeIgniter->runController(Object(App\Controllers\Achat))
12 SYSTEMPATH/CodeIgniter.php(340): CodeIgniter\CodeIgniter->handleRequest(null, Object(Config\Cache), false)
13 SYSTEMPATH/Boot.php(417): CodeIgniter\CodeIgniter->run()
14 SYSTEMPATH/Boot.php(68): CodeIgniter\Boot::runCodeIgniter(Object(CodeIgniter\CodeIgniter))
15 FCPATH/index.php(59): CodeIgniter\Boot::bootWeb(Object(Config\Paths))
16 SYSTEMPATH/rewrite.php(44): require_once('/home/faneva/L2/S4/SI/CODEIGNITER/exam/gestion_caisse/public/index.php')
ERROR - 2026-06-17 08:44:48 --> NOT NULL constraint failed: achat.id_client
in SYSTEMPATH/Database/SQLite3/Connection.php on line 163.
 1 SYSTEMPATH/Database/SQLite3/Connection.php(163): SQLite3->exec('INSERT INTO `achat` (`id_client`) VALUES (NULL)')
 2 SYSTEMPATH/Database/BaseConnection.php(910): CodeIgniter\Database\SQLite3\Connection->execute('INSERT INTO `achat` (`id_client`) VALUES (NULL)')
 3 SYSTEMPATH/Database/BaseConnection.php(827): CodeIgniter\Database\BaseConnection->simpleQuery('INSERT INTO `achat` (`id_client`) VALUES (NULL)')
 4 SYSTEMPATH/Database/BaseBuilder.php(2345): CodeIgniter\Database\BaseConnection->query('INSERT INTO `achat` (`id_client`) VALUES (:id_client:)', [...], false)
 5 SYSTEMPATH/Model.php(355): CodeIgniter\Database\BaseBuilder->insert()
 6 SYSTEMPATH/BaseModel.php(899): CodeIgniter\Model->doInsert([...])
 7 SYSTEMPATH/Model.php(668): CodeIgniter\BaseModel->insert([...], true)
 8 APPPATH/Models/AchatModel.php(23): CodeIgniter\Model->insert([...])
 9 APPPATH/Controllers/Achat.php(41): App\Models\AchatModel->creerNouvelAchat()
10 SYSTEMPATH/CodeIgniter.php(951): App\Controllers\Achat->index()
11 SYSTEMPATH/CodeIgniter.php(497): CodeIgniter\CodeIgniter->runController(Object(App\Controllers\Achat))
12 SYSTEMPATH/CodeIgniter.php(340): CodeIgniter\CodeIgniter->handleRequest(null, Object(Config\Cache), false)
13 SYSTEMPATH/Boot.php(417): CodeIgniter\CodeIgniter->run()
14 SYSTEMPATH/Boot.php(68): CodeIgniter\Boot::runCodeIgniter(Object(CodeIgniter\CodeIgniter))
15 FCPATH/index.php(59): CodeIgniter\Boot::bootWeb(Object(Config\Paths))
16 SYSTEMPATH/rewrite.php(44): require_once('/home/faneva/L2/S4/SI/CODEIGNITER/exam/gestion_caisse/public/index.php')
CRITICAL - 2026-06-17 08:44:48 --> CodeIgniter\Database\Exceptions\DatabaseException: NOT NULL constraint failed: achat.id_client
[Method: GET, Route: achat]
in SYSTEMPATH/Database/BaseConnection.php on line 865.
 1 SYSTEMPATH/Database/BaseBuilder.php(2345): CodeIgniter\Database\BaseConnection->query('INSERT INTO `achat` (`id_client`) VALUES (:id_client:)', [...], false)
 2 SYSTEMPATH/Model.php(355): CodeIgniter\Database\BaseBuilder->insert()
 3 SYSTEMPATH/BaseModel.php(899): CodeIgniter\Model->doInsert([...])
 4 SYSTEMPATH/Model.php(668): CodeIgniter\BaseModel->insert([...], true)
 5 APPPATH/Models/AchatModel.php(23): CodeIgniter\Model->insert([...])
 6 APPPATH/Controllers/Achat.php(41): App\Models\AchatModel->creerNouvelAchat()
 7 SYSTEMPATH/CodeIgniter.php(951): App\Controllers\Achat->index()
 8 SYSTEMPATH/CodeIgniter.php(497): CodeIgniter\CodeIgniter->runController(Object(App\Controllers\Achat))
 9 SYSTEMPATH/CodeIgniter.php(340): CodeIgniter\CodeIgniter->handleRequest(null, Object(Config\Cache), false)
10 SYSTEMPATH/Boot.php(417): CodeIgniter\CodeIgniter->run()
11 SYSTEMPATH/Boot.php(68): CodeIgniter\Boot::runCodeIgniter(Object(CodeIgniter\CodeIgniter))
12 FCPATH/index.php(59): CodeIgniter\Boot::bootWeb(Object(Config\Paths))
13 SYSTEMPATH/rewrite.php(44): require_once('/home/faneva/L2/S4/SI/CODEIGNITER/exam/gestion_caisse/public/index.php')
CRITICAL - 2026-06-17 08:44:48 --> [Caused by] CodeIgniter\Database\Exceptions\DatabaseException: NOT NULL constraint failed: achat.id_client
in SYSTEMPATH/Database/SQLite3/Connection.php on line 174.
 1 SYSTEMPATH/Database/BaseConnection.php(910): CodeIgniter\Database\SQLite3\Connection->execute('INSERT INTO `achat` (`id_client`) VALUES (NULL)')
 2 SYSTEMPATH/Database/BaseConnection.php(827): CodeIgniter\Database\BaseConnection->simpleQuery('INSERT INTO `achat` (`id_client`) VALUES (NULL)')
 3 SYSTEMPATH/Database/BaseBuilder.php(2345): CodeIgniter\Database\BaseConnection->query('INSERT INTO `achat` (`id_client`) VALUES (:id_client:)', [...], false)
 4 SYSTEMPATH/Model.php(355): CodeIgniter\Database\BaseBuilder->insert()
 5 SYSTEMPATH/BaseModel.php(899): CodeIgniter\Model->doInsert([...])
 6 SYSTEMPATH/Model.php(668): CodeIgniter\BaseModel->insert([...], true)
 7 APPPATH/Models/AchatModel.php(23): CodeIgniter\Model->insert([...])
 8 APPPATH/Controllers/Achat.php(41): App\Models\AchatModel->creerNouvelAchat()
 9 SYSTEMPATH/CodeIgniter.php(951): App\Controllers\Achat->index()
10 SYSTEMPATH/CodeIgniter.php(497): CodeIgniter\CodeIgniter->runController(Object(App\Controllers\Achat))
11 SYSTEMPATH/CodeIgniter.php(340): CodeIgniter\CodeIgniter->handleRequest(null, Object(Config\Cache), false)
12 SYSTEMPATH/Boot.php(417): CodeIgniter\CodeIgniter->run()
13 SYSTEMPATH/Boot.php(68): CodeIgniter\Boot::runCodeIgniter(Object(CodeIgniter\CodeIgniter))
14 FCPATH/index.php(59): CodeIgniter\Boot::bootWeb(Object(Config\Paths))
15 SYSTEMPATH/rewrite.php(44): require_once('/home/faneva/L2/S4/SI/CODEIGNITER/exam/gestion_caisse/public/index.php')
CRITICAL - 2026-06-17 08:44:48 --> [Caused by] Exception: NOT NULL constraint failed: achat.id_client
in SYSTEMPATH/Database/SQLite3/Connection.php on line 163.
 1 SYSTEMPATH/Database/SQLite3/Connection.php(163): SQLite3->exec('INSERT INTO `achat` (`id_client`) VALUES (NULL)')
 2 SYSTEMPATH/Database/BaseConnection.php(910): CodeIgniter\Database\SQLite3\Connection->execute('INSERT INTO `achat` (`id_client`) VALUES (NULL)')
 3 SYSTEMPATH/Database/BaseConnection.php(827): CodeIgniter\Database\BaseConnection->simpleQuery('INSERT INTO `achat` (`id_client`) VALUES (NULL)')
 4 SYSTEMPATH/Database/BaseBuilder.php(2345): CodeIgniter\Database\BaseConnection->query('INSERT INTO `achat` (`id_client`) VALUES (:id_client:)', [...], false)
 5 SYSTEMPATH/Model.php(355): CodeIgniter\Database\BaseBuilder->insert()
 6 SYSTEMPATH/BaseModel.php(899): CodeIgniter\Model->doInsert([...])
 7 SYSTEMPATH/Model.php(668): CodeIgniter\BaseModel->insert([...], true)
 8 APPPATH/Models/AchatModel.php(23): CodeIgniter\Model->insert([...])
 9 APPPATH/Controllers/Achat.php(41): App\Models\AchatModel->creerNouvelAchat()
10 SYSTEMPATH/CodeIgniter.php(951): App\Controllers\Achat->index()
11 SYSTEMPATH/CodeIgniter.php(497): CodeIgniter\CodeIgniter->runController(Object(App\Controllers\Achat))
12 SYSTEMPATH/CodeIgniter.php(340): CodeIgniter\CodeIgniter->handleRequest(null, Object(Config\Cache), false)
13 SYSTEMPATH/Boot.php(417): CodeIgniter\CodeIgniter->run()
14 SYSTEMPATH/Boot.php(68): CodeIgniter\Boot::runCodeIgniter(Object(CodeIgniter\CodeIgniter))
15 FCPATH/index.php(59): CodeIgniter\Boot::bootWeb(Object(Config\Paths))
16 SYSTEMPATH/rewrite.php(44): require_once('/home/faneva/L2/S4/SI/CODEIGNITER/exam/gestion_caisse/public/index.php')
